[screening.mhanational.org/screening-tools/depression/index.html]
[screening.mhanational.org/favicon.png]
[screening.mhanational.org/apple-touch-icon.png]
[screening.mhanational.org/favicon-144x144.png]
[www.googleoptimize.com/optimize3af5.js]
[screening.mhanational.org/wp-content/cache/autoptimize/css/autoptimize_7a1ecf2654b585c47ef39ad343596e82.css]
[backblue.gif]
[fade.gif]
[index.html]
[screening.mhanational.org/wp-content/cache/autoptimize/css/autoptimize_5653ccbbff2bf3fde17022871919df8b.css]
[screening.mhanational.org/wp-includes/css/dashicons.min6a4d.css]
[screening.mhanational.org/wp-includes/js/jquery/jquery.mina7a0.js]
[screening.mhanational.org/wp-includes/js/jquery/jquery-migrate.mind617.js]
[screening.mhanational.org/wp-content/plugins/gravityforms/js/jquery.json.min91ac.js]
[screening.mhanational.org/wp-content/plugins/gravityforms/js/gravityforms.min91ac.js]
[screening.mhanational.org/wp-content/plugins/gravityforms/js/conditional_logic.min91ac.js]
[screening.mhanational.org/wp-content/themes/mha_s2s/assets/images/mha-logo.png]
[screening.mhanational.org/wp-content/plugins/mha_activity/mha_activitye084.js]
[screening.mhanational.org/wp-content/plugins/mha_activity/diy_tools6a8d.js]
[screening.mhanational.org/wp-content/plugins/mha_exports/diy_exporte084.js]
[screening.mhanational.org/wp-content/plugins/mha_screens/assets/jquery.validate.min5152.js]
[screening.mhanational.org/wp-content/plugins/mha_screens/mha_screens0e7c.js]
[screening.mhanational.org/wp-content/plugins/mha_shard/inc/js/scripts92ad.js]
[screening.mhanational.org/wp-content/themes/mha_s2s/assets/js/skip-link-focus-fix5152.js]
[screening.mhanational.org/wp-content/themes/mha_s2s/assets/js/hoverIntentac14.js]
[screening.mhanational.org/wp-content/themes/mha_s2s/assets/js/superfish.min7fe1.js]
[screening.mhanational.org/wp-content/themes/mha_s2s/assets/js/macy.min5152.js]
[screening.mhanational.org/wp-content/themes/mha_s2s/assets/bootstrap/js/bootstrap.bundle.min5b31.js]
[screening.mhanational.org/wp-content/themes/mha_s2s/assets/js/jquery.ui.custom.min0028.js]
[screening.mhanational.org/wp-content/themes/mha_s2s/assets/js/glide9608.js]
[screening.mhanational.org/wp-content/themes/mha_s2s/assets/js/aos.min6c28.js]
[screening.mhanational.org/wp-content/themes/mha_s2s/assets/js/iframe-resizer.min274c.js]
[screening.mhanational.org/wp-content/themes/mha_s2s/assets/js/jquery.sticky-sidebar.min3d36.js]
[screening.mhanational.org/wp-content/themes/mha_s2s/assets/js/global6834.js]
[screening.mhanational.org/wp-includes/js/dist/vendor/regenerator-runtime.min3937.js]
[screening.mhanational.org/wp-includes/js/dist/vendor/wp-polyfill.min2c7c.js]
[screening.mhanational.org/wp-includes/js/dist/dom-ready.minded6.js]
[screening.mhanational.org/wp-includes/js/dist/hooks.min6c65.js]
[screening.mhanational.org/wp-includes/js/dist/i18n.mine57b.js]
[screening.mhanational.org/wp-includes/js/dist/a11y.min65c7.js]
[screening.mhanational.org/wp-content/plugins/gravityforms/js/placeholders.jquery.min91ac.js]
[www.google.com/recaptcha/apieee6.js]
[screening.mhanational.org/screening-tools/depression/index.html]
[www.googletagmanager.com/gtm5445.html]
[siteimproveanalytics.com/js/siteanalyze_6229968.js]
[screening.mhanational.org/wp-content/themes/mha_s2s/assets/images/arrow-right-white.png]
[screening.mhanational.org/wp-content/cache/autoptimize/css/autoptimize_7a1ecf2654b585c47ef39ad343596e82.css]
[screening.mhanational.org/wp-content/cache/autoptimize/css/autoptimize_5653ccbbff2bf3fde17022871919df8b.css]
[screening.mhanational.org/wp-includes/css/dashicons.min6a4d.css]
